22:19:16 **** Incremental Build of configuration Debug for project adc_timers ****
make -j16 all 
arm-none-eabi-gcc "../Core/Src/main.c" -mcpu=cortex-m3 -std=gnu11 -g3 -DDEBUG -DUSE_HAL_DRIVER -DSTM32F103xB -c -I../Core/Inc -I../Drivers/STM32F1xx_HAL_Driver/Inc/Legacy -I../Drivers/STM32F1xx_HAL_Driver/Inc -I../Drivers/CMSIS/Device/ST/STM32F1xx/Include -I../Drivers/CMSIS/Include -O0 -ffunction-sections -fdata-sections -Wall -fstack-usage -fcyclomatic-complexity -MMD -MP -MF"Core/Src/main.d" -MT"Core/Src/main.o" --specs=nano.specs -mfloat-abi=soft -mthumb -o "Core/Src/main.o"
arm-none-eabi-gcc "../Core/Src/stm32f1xx_hal_msp.c" -mcpu=cortex-m3 -std=gnu11 -g3 -DDEBUG -DUSE_HAL_DRIVER -DSTM32F103xB -c -I../Core/Inc -I../Drivers/STM32F1xx_HAL_Driver/Inc/Legacy -I../Drivers/STM32F1xx_HAL_Driver/Inc -I../Drivers/CMSIS/Device/ST/STM32F1xx/Include -I../Drivers/CMSIS/Include -O0 -ffunction-sections -fdata-sections -Wall -fstack-usage -fcyclomatic-complexity -MMD -MP -MF"Core/Src/stm32f1xx_hal_msp.d" -MT"Core/Src/stm32f1xx_hal_msp.o" --specs=nano.specs -mfloat-abi=soft -mthumb -o "Core/Src/stm32f1xx_hal_msp.o"
arm-none-eabi-gcc "../Core/Src/stm32f1xx_it.c" -mcpu=cortex-m3 -std=gnu11 -g3 -DDEBUG -DUSE_HAL_DRIVER -DSTM32F103xB -c -I../Core/Inc -I../Drivers/STM32F1xx_HAL_Driver/Inc/Legacy -I../Drivers/STM32F1xx_HAL_Driver/Inc -I../Drivers/CMSIS/Device/ST/STM32F1xx/Include -I../Drivers/CMSIS/Include -O0 -ffunction-sections -fdata-sections -Wall -fstack-usage -fcyclomatic-complexity -MMD -MP -MF"Core/Src/stm32f1xx_it.d" -MT"Core/Src/stm32f1xx_it.o" --specs=nano.specs -mfloat-abi=soft -mthumb -o "Core/Src/stm32f1xx_it.o"
../Core/Src/main.c: In function 'main':
../Core/Src/main.c:114:4: warning: implicit declaration of function 'printf' [-Wimplicit-function-declaration]
  114 |    printf("Valor del ADC: %d\n", adc_val1);
      |    ^~~~~~
../Core/Src/main.c:114:4: warning: incompatible implicit declaration of built-in function 'printf'
../Core/Src/main.c:21:1: note: include '<stdio.h>' or provide a declaration of 'printf'
   20 | #include "main.h"
  +++ |+#include <stdio.h>
   21 | 
../Core/Src/main.c:114:28: warning: format '%d' expects argument of type 'int', but argument 2 has type 'uint32_t' {aka 'long unsigned int'} [-Wformat=]
  114 |    printf("Valor del ADC: %d\n", adc_val1);
      |                           ~^     ~~~~~~~~
      |                            |     |
      |                            int   uint32_t {aka long unsigned int}
      |                           %ld
../Core/Src/main.c: In function 'HAL_TIM_PeriodElapsedCallback':
../Core/Src/main.c:342:5: warning: incompatible implicit declaration of built-in function 'printf'
  342 |     printf("Valor del ADC: %d\n", adc_val);
      |     ^~~~~~
../Core/Src/main.c:342:5: note: include '<stdio.h>' or provide a declaration of 'printf'
../Core/Src/main.c:342:29: warning: format '%d' expects argument of type 'int', but argument 2 has type 'uint32_t' {aka 'long unsigned int'} [-Wformat=]
  342 |     printf("Valor del ADC: %d\n", adc_val);
      |                            ~^     ~~~~~~~
      |                             |     |
      |                             int   uint32_t {aka long unsigned int}
      |                            %ld
arm-none-eabi-gcc -o "adc_timers.elf" @"objects.list"   -mcpu=cortex-m3 -T"C:\Users\joniyromy\Documents\prueba1\adc_timers\STM32F103C8TX_FLASH.ld" --specs=nosys.specs -Wl,-Map="adc_timers.map" -Wl,--gc-sections -static --specs=nano.specs -mfloat-abi=soft -mthumb -Wl,--start-group -lc -lm -Wl,--end-group
Finished building target: adc_timers.elf
 
arm-none-eabi-size   adc_timers.elf 
arm-none-eabi-objdump -h -S  adc_timers.elf  > "adc_timers.list"
   text	   data	    bss	    dec	    hex	filename
  13988	    120	   1792	  15900	   3e1c	adc_timers.elf
Finished building: default.size.stdout
 
Finished building: adc_timers.list
 
22:19:19 **** Incremental Build of configuration Debug for project adc_timers ****
make -j16 all 
arm-none-eabi-size   adc_timers.elf 
   text	   data	    bss	    dec	    hex	filename
  13988	    120	   1792	  15900	   3e1c	adc_timers.elf
Finished building: default.size.stdout
 
22:19:40 **** Incremental Build of configuration Debug for project adc_timers ****
make -j16 all 
arm-none-eabi-size   adc_timers.elf 
   text	   data	    bss	    dec	    hex	filename
  13988	    120	   1792	  15900	   3e1c	adc_timers.elf
Finished building: default.size.stdout
 
22:28:59 **** Incremental Build of configuration Debug for project adc_timers ****
make -j16 all 
arm-none-eabi-size   adc_timers.elf 
   text	   data	    bss	    dec	    hex	filename
  13988	    120	   1792	  15900	   3e1c	adc_timers.elf
Finished building: default.size.stdout
 
22:30:05 **** Incremental Build of configuration Debug for project adc_timers ****
make -j16 all 
arm-none-eabi-size   adc_timers.elf 
   text	   data	    bss	    dec	    hex	filename
  13988	    120	   1792	  15900	   3e1c	adc_timers.elf
Finished building: default.size.stdout
 
22:33:40 **** Incremental Build of configuration Debug for project adc_timers ****
make -j16 all 
arm-none-eabi-gcc "../Core/Src/main.c" -mcpu=cortex-m3 -std=gnu11 -g3 -DDEBUG -DUSE_HAL_DRIVER -DSTM32F103xB -c -I../Core/Inc -I../Drivers/STM32F1xx_HAL_Driver/Inc/Legacy -I../Drivers/STM32F1xx_HAL_Driver/Inc -I../Drivers/CMSIS/Device/ST/STM32F1xx/Include -I../Drivers/CMSIS/Include -O0 -ffunction-sections -fdata-sections -Wall -fstack-usage -fcyclomatic-complexity -MMD -MP -MF"Core/Src/main.d" -MT"Core/Src/main.o" --specs=nano.specs -mfloat-abi=soft -mthumb -o "Core/Src/main.o"
arm-none-eabi-gcc "../Core/Src/stm32f1xx_hal_msp.c" -mcpu=cortex-m3 -std=gnu11 -g3 -DDEBUG -DUSE_HAL_DRIVER -DSTM32F103xB -c -I../Core/Inc -I../Drivers/STM32F1xx_HAL_Driver/Inc/Legacy -I../Drivers/STM32F1xx_HAL_Driver/Inc -I../Drivers/CMSIS/Device/ST/STM32F1xx/Include -I../Drivers/CMSIS/Include -O0 -ffunction-sections -fdata-sections -Wall -fstack-usage -fcyclomatic-complexity -MMD -MP -MF"Core/Src/stm32f1xx_hal_msp.d" -MT"Core/Src/stm32f1xx_hal_msp.o" --specs=nano.specs -mfloat-abi=soft -mthumb -o "Core/Src/stm32f1xx_hal_msp.o"
arm-none-eabi-gcc "../Core/Src/stm32f1xx_it.c" -mcpu=cortex-m3 -std=gnu11 -g3 -DDEBUG -DUSE_HAL_DRIVER -DSTM32F103xB -c -I../Core/Inc -I../Drivers/STM32F1xx_HAL_Driver/Inc/Legacy -I../Drivers/STM32F1xx_HAL_Driver/Inc -I../Drivers/CMSIS/Device/ST/STM32F1xx/Include -I../Drivers/CMSIS/Include -O0 -ffunction-sections -fdata-sections -Wall -fstack-usage -fcyclomatic-complexity -MMD -MP -MF"Core/Src/stm32f1xx_it.d" -MT"Core/Src/stm32f1xx_it.o" --specs=nano.specs -mfloat-abi=soft -mthumb -o "Core/Src/stm32f1xx_it.o"
../Core/Src/main.c: In function 'main':
../Core/Src/main.c:114:4: warning: implicit declaration of function 'printf' [-Wimplicit-function-declaration]
  114 |    printf("Valor del ADC: %d\n", adc_val1);
      |    ^~~~~~
../Core/Src/main.c:114:4: warning: incompatible implicit declaration of built-in function 'printf'
../Core/Src/main.c:21:1: note: include '<stdio.h>' or provide a declaration of 'printf'
   20 | #include "main.h"
  +++ |+#include <stdio.h>
   21 | 
../Core/Src/main.c:114:28: warning: format '%d' expects argument of type 'int', but argument 2 has type 'uint32_t' {aka 'long unsigned int'} [-Wformat=]
  114 |    printf("Valor del ADC: %d\n", adc_val1);
      |                           ~^     ~~~~~~~~
      |                            |     |
      |                            int   uint32_t {aka long unsigned int}
      |                           %ld
../Core/Src/main.c: In function 'HAL_TIM_PeriodElapsedCallback':
../Core/Src/main.c:342:5: warning: incompatible implicit declaration of built-in function 'printf'
  342 |     printf("Valor del ADC: %d\n", adc_val);
      |     ^~~~~~
../Core/Src/main.c:342:5: note: include '<stdio.h>' or provide a declaration of 'printf'
../Core/Src/main.c:342:29: warning: format '%d' expects argument of type 'int', but argument 2 has type 'uint32_t' {aka 'long unsigned int'} [-Wformat=]
  342 |     printf("Valor del ADC: %d\n", adc_val);
      |                            ~^     ~~~~~~~
      |                             |     |
      |                             int   uint32_t {aka long unsigned int}
      |                            %ld
arm-none-eabi-gcc -o "adc_timers.elf" @"objects.list"   -mcpu=cortex-m3 -T"C:\Users\joniyromy\Documents\prueba1\adc_timers\STM32F103C8TX_FLASH.ld" --specs=nosys.specs -Wl,-Map="adc_timers.map" -Wl,--gc-sections -static --specs=nano.specs -mfloat-abi=soft -mthumb -Wl,--start-group -lc -lm -Wl,--end-group
Finished building target: adc_timers.elf
 
arm-none-eabi-size   adc_timers.elf 
arm-none-eabi-objdump -h -S  adc_timers.elf  > "adc_timers.list"
   text	   data	    bss	    dec	    hex	filename
  14460	    120	   1792	  16372	   3ff4	adc_timers.elf
Finished building: default.size.stdout
 
Finished building: adc_timers.list
 
22:33:55 **** Incremental Build of configuration Debug for project adc_timers ****
make -j16 all 
arm-none-eabi-size   adc_timers.elf 
   text	   data	    bss	    dec	    hex	filename
  14460	    120	   1792	  16372	   3ff4	adc_timers.elf
Finished building: default.size.stdout
 
