../Core/Src/main.c:121:6:MUX_SelectChannel	16	static
../Core/Src/main.c:174:5:main	8	static
../Core/Src/main.c:271:6:SystemClock_Config	88	static
../Core/Src/main.c:321:6:PWMCONTROL1	8	static
../Core/Src/main.c:326:6:PWMCONTROL2	8	static
../Core/Src/main.c:332:6:salidadigital	8	static
../Core/Src/main.c:363:6:entradadigital	8	static
../Core/Src/main.c:401:6:HAL_UART_RxCpltCallback	16	static
../Core/Src/main.c:421:6:HAL_TIM_PeriodElapsedCallback	16	static
../Core/Src/main.c:474:6:Error_Handler	4	static,ignoring_inline_asm
