../Core/Src/main.c:124:5:main	16	static
../Core/Src/main.c:226:6:SystemClock_Config	88	static
../Core/Src/main.c:273:6:PWMCONTROL1	8	static
../Core/Src/main.c:279:6:PWMCONTROL2	8	static
../Core/Src/main.c:286:6:salidadigital	8	static
../Core/Src/main.c:314:6:entradadigital	8	static
../Core/Src/main.c:382:6:MUX_SelectChannel	16	static
../Core/Src/main.c:429:6:HAL_UART_RxCpltCallback	16	static
../Core/Src/main.c:442:6:HAL_TIM_PeriodElapsedCallback	16	static
../Core/Src/main.c:461:6:Error_Handler	4	static,ignoring_inline_asm
